==============================================================
File generated on Tue Apr 13 12:14:41 EDT 2021
Vivado(TM) HLS - High-Level Synthesis from C, C++ and SystemC v2018.3 (64-bit)
SW Build 2405991 on Thu Dec  6 23:36:41 MST 2018
IP Build 2404404 on Fri Dec  7 01:43:56 MST 2018
Copyright 1986-2018 Xilinx, Inc. All Rights Reserved.
==============================================================
==============================================================
File generated on Tue Apr 13 12:16:29 EDT 2021
Vivado(TM) HLS - High-Level Synthesis from C, C++ and SystemC v2018.3 (64-bit)
SW Build 2405991 on Thu Dec  6 23:36:41 MST 2018
IP Build 2404404 on Fri Dec  7 01:43:56 MST 2018
Copyright 1986-2018 Xilinx, Inc. All Rights Reserved.
==============================================================
==============================================================
File generated on Tue Apr 13 15:47:22 EDT 2021
Vivado(TM) HLS - High-Level Synthesis from C, C++ and SystemC v2018.3 (64-bit)
SW Build 2405991 on Thu Dec  6 23:36:41 MST 2018
IP Build 2404404 on Fri Dec  7 01:43:56 MST 2018
Copyright 1986-2018 Xilinx, Inc. All Rights Reserved.
==============================================================
INFO: [SYN 201-201] Setting up clock 'default' with a period of 10ns.
INFO: [SYN 201-201] Setting up clock 'default' with an uncertainty of 1.25ns.
INFO: [HLS 200-10] Setting target device to 'xc7vx980tffg1930-2l'
INFO: [HLS 200-435] Setting 'config_sdx -target' configuration: config_sdx -optimization_level=none
INFO: [HLS 200-435] Setting 'config_sdx -target' configuration: set_clock_uncertainty default
INFO: [HLS 200-435] Setting 'config_sdx -target' configuration: set_clock_uncertainty default
INFO: [HLS 200-10] Analyzing design file 'fips202.c' ... 
INFO: [HLS 200-111] Finished Linking Time (s): cpu = 00:00:10 ; elapsed = 00:00:11 . Memory (MB): peak = 541.465 ; gain = 4.219 ; free physical = 87897 ; free virtual = 587429
INFO: [HLS 200-111] Finished Checking Pragmas Time (s): cpu = 00:00:10 ; elapsed = 00:00:11 . Memory (MB): peak = 541.465 ; gain = 4.219 ; free physical = 87897 ; free virtual = 587430
INFO: [HLS 200-10] Starting code transformations ...
INFO: [XFORM 203-501] Unrolling loop 'keccak_absorb_label7' (fips202.c:377) in function 'keccak_absorb': changing partial unrolling into complete unrolling since the unrolling factor (=2) is no less than the loop trip count (=0).
INFO: [HLS 200-111] Finished Standard Transforms Time (s): cpu = 00:00:12 ; elapsed = 00:00:13 . Memory (MB): peak = 541.465 ; gain = 4.219 ; free physical = 87897 ; free virtual = 587429
INFO: [HLS 200-10] Checking synthesizability ...
INFO: [XFORM 203-602] Inlining function 'load64.1' into 'keccak_absorb' (fips202.c:380) automatically.
INFO: [XFORM 203-602] Inlining function 'load64' into 'keccak_absorb' (fips202.c:393) automatically.
INFO: [XFORM 203-602] Inlining function 'store64' into 'keccak_squeezeblocks' (fips202.c:420) automatically.
INFO: [HLS 200-111] Finished Checking Synthesizability Time (s): cpu = 00:00:12 ; elapsed = 00:00:13 . Memory (MB): peak = 541.465 ; gain = 4.219 ; free physical = 87897 ; free virtual = 587429
INFO: [XFORM 203-502] Unrolling small iteration loop 'Loop-3' (fips202.c:377) in function 'keccak_absorb' automatically.
INFO: [XFORM 203-502] Unrolling small iteration loop 'Loop-3.1' (fips202.c:379) in function 'keccak_absorb' automatically.
INFO: [HLS 200-489] Unrolling loop 'pqcrystals_fips202_ref_sha3_256_label2' (fips202.c:435) in function 'pqcrystals_fips202_ref_sha3_256' completely with a factor of 32.
INFO: [HLS 200-489] Unrolling loop 'keccak_squeezeblocks_label3' (fips202.c:416) in function 'keccak_squeezeblocks' completely with a factor of 1.
INFO: [HLS 200-489] Unrolling loop 'keccak_absorb_label6' (fips202.c:374) in function 'keccak_absorb' completely with a factor of 25.
INFO: [HLS 200-489] Unrolling loop 'Loop-3' (fips202.c:377) in function 'keccak_absorb' completely with a factor of 0.
INFO: [HLS 200-489] Unrolling loop 'keccak_absorb_label4' (fips202.c:388) in function 'keccak_absorb' completely with a factor of 3.
INFO: [XFORM 203-501] Unrolling loop 'keccak_absorb_label5' (fips202.c:393) in function 'keccak_absorb' partially with a factor of 2.
INFO: [HLS 200-489] Unrolling loop 'store64_label1' (fips202.c:46) in function 'store64' completely with a factor of 8.
INFO: [HLS 200-489] Unrolling loop 'load64_label0' (fips202.c:29) in function 'load64' completely with a factor of 8.
INFO: [HLS 200-489] Unrolling loop 'load64_label0' (fips202.c:29) in function 'load64.1' completely with a factor of 8.
INFO: [XFORM 203-602] Inlining function 'load64' into 'keccak_absorb' (fips202.c:393) automatically.
INFO: [XFORM 203-602] Inlining function 'store64' into 'keccak_squeezeblocks' (fips202.c:420) automatically.
INFO: [XFORM 203-602] Inlining function 'keccak_squeezeblocks' into 'pqcrystals_fips202_ref_sha3_256' (fips202.c:432) automatically.
INFO: [XFORM 203-11] Balancing expressions in function 'KeccakF1600_StatePermute' (fips202.c:85)...70 expression(s) balanced.
INFO: [HLS 200-111] Finished Pre-synthesis Time (s): cpu = 00:00:13 ; elapsed = 00:00:14 . Memory (MB): peak = 669.379 ; gain = 132.133 ; free physical = 87873 ; free virtual = 587406
WARNING: [XFORM 203-631] Renaming function 'KeccakF1600_StatePermute' to 'KeccakF1600_StatePer' (fips202.c:85:1)
INFO: [HLS 200-111] Finished Architecture Synthesis Time (s): cpu = 00:00:15 ; elapsed = 00:00:16 . Memory (MB): peak = 669.379 ; gain = 132.133 ; free physical = 87857 ; free virtual = 587390
INFO: [HLS 200-10] Starting hardware synthesis ...
INFO: [HLS 200-10] Synthesizing 'pqcrystals_fips202_ref_sha3_256' ...
WARNING: [SYN 201-107] Renaming port name 'pqcrystals_fips202_ref_sha3_256/in' to 'pqcrystals_fips202_ref_sha3_256/in_r' to avoid the conflict with HDL keywords or other object names.
INFO: [HLS 200-10] ----------------------------------------------------------------
INFO: [HLS 200-42] -- Implementing module 'keccak_absorb' 
INFO: [HLS 200-10] ----------------------------------------------------------------
INFO: [SCHED 204-11] Starting scheduling ...
INFO: [SCHED 204-11] Finished scheduling.
INFO: [HLS 200-111]  Elapsed time: 16.42 seconds; current allocated memory: 93.707 MB.
INFO: [HLS 200-434] Only 0 loops out of a total 2 loops have been pipelined in this design.
INFO: [BIND 205-100] Starting micro-architecture generation ...
INFO: [BIND 205-101] Performing variable lifetime analysis.
INFO: [BIND 205-101] Exploring resource sharing.
INFO: [BIND 205-101] Binding ...
INFO: [BIND 205-100] Finished micro-architecture generation.
INFO: [HLS 200-111]  Elapsed time: 0.48 seconds; current allocated memory: 94.316 MB.
INFO: [HLS 200-10] ----------------------------------------------------------------
INFO: [HLS 200-42] -- Implementing module 'KeccakF1600_StatePer' 
INFO: [HLS 200-10] ----------------------------------------------------------------
INFO: [SCHED 204-11] Starting scheduling ...
INFO: [SCHED 204-61] Pipelining loop 'KeccakF1600_StatePermute_label1'.
INFO: [SCHED 204-61] Pipelining result : Target II = 1, Final II = 1, Depth = 2.
INFO: [SCHED 204-11] Finished scheduling.
INFO: [HLS 200-111]  Elapsed time: 1.46 seconds; current allocated memory: 95.619 MB.
INFO: [BIND 205-100] Starting micro-architecture generation ...
INFO: [BIND 205-101] Performing variable lifetime analysis.
INFO: [BIND 205-101] Exploring resource sharing.
INFO: [BIND 205-101] Binding ...
INFO: [BIND 205-100] Finished micro-architecture generation.
INFO: [HLS 200-111]  Elapsed time: 1.06 seconds; current allocated memory: 97.595 MB.
INFO: [HLS 200-10] ----------------------------------------------------------------
INFO: [HLS 200-42] -- Implementing module 'pqcrystals_fips202_ref_sha3_256' 
INFO: [HLS 200-10] ----------------------------------------------------------------
INFO: [SCHED 204-11] Starting scheduling ...
INFO: [SCHED 204-11] Finished scheduling.
INFO: [HLS 200-111]  Elapsed time: 1.78 seconds; current allocated memory: 98.342 MB.
INFO: [BIND 205-100] Starting micro-architecture generation ...
INFO: [BIND 205-101] Performing variable lifetime analysis.
INFO: [BIND 205-101] Exploring resource sharing.
INFO: [BIND 205-101] Binding ...
INFO: [BIND 205-100] Finished micro-architecture generation.
INFO: [HLS 200-111]  Elapsed time: 1.13 seconds; current allocated memory: 99.154 MB.
INFO: [HLS 200-10] ----------------------------------------------------------------
INFO: [HLS 200-10] -- Generating RTL for module 'keccak_absorb' 
INFO: [HLS 200-10] ----------------------------------------------------------------
INFO: [RTGEN 206-100] Finished creating RTL model for 'keccak_absorb'.
INFO: [HLS 200-111]  Elapsed time: 1.39 seconds; current allocated memory: 100.324 MB.
INFO: [HLS 200-10] ----------------------------------------------------------------
INFO: [HLS 200-10] -- Generating RTL for module 'KeccakF1600_StatePer' 
INFO: [HLS 200-10] ----------------------------------------------------------------
INFO: [RTGEN 206-100] Finished creating RTL model for 'KeccakF1600_StatePer'.
INFO: [HLS 200-111]  Elapsed time: 0.93 seconds; current allocated memory: 105.986 MB.
INFO: [HLS 200-10] ----------------------------------------------------------------
INFO: [HLS 200-10] -- Generating RTL for module 'pqcrystals_fips202_ref_sha3_256' 
INFO: [HLS 200-10] ----------------------------------------------------------------
==============================================================
File generated on Tue Apr 13 15:48:31 EDT 2021
Vivado(TM) HLS - High-Level Synthesis from C, C++ and SystemC v2018.3 (64-bit)
SW Build 2405991 on Thu Dec  6 23:36:41 MST 2018
IP Build 2404404 on Fri Dec  7 01:43:56 MST 2018
Copyright 1986-2018 Xilinx, Inc. All Rights Reserved.
==============================================================
